<h1 id="custom-id">Markdown Extra heading</h1>
<h1 id="must-be-a-h1">Must be a h1</h1>
<h2 id="must-be-a-h2">Must be a h2</h2>
<h3 id="must-be-a-h3">Must be a h3</h3>
<h4 id="must-be-a-h4">Must be a h4</h4>
<h5 id="must-be-a-h5">Must be a h5</h5>
<h6 id="must-be-a-h6">Must be a h6</h6>
<h2 id="repeated-title">Repeated title</h2>
<h2 id="repeated-title-1">Repeated title</h2>
<h2 id="repeated-title-2">Repeated title</h2>
<h2 id="this_is_a_nameboolean-something--true---function">this_is_a_name(boolean $something = true) - Function</h2>
