<!DOCTYPE html>
<html>
    <head>
        <title>Documentation</title>
    </head>
    <body>
        <p>Hello, this is a test!</p>
<p><img src="/logos/couscous.jpg" alt="Couscous logo" title="Couscous logo (.jpg)" /></p>
<p><img src="/logos/couscous.png" alt="Couscous logo" title="Couscous logo (.png)" /></p>
<p><img src="/logos/couscous.gif" alt="Couscous logo" title="Couscous logo (.gif)" /></p>

    </body>
</html>