<!DOCTYPE html>
<html>
    <head>
        <title>Documentation</title>
    </head>
    <body>
        <p>Test</p>

    </body>
</html>