<!DOCTYPE html>
<html>
    <head>
        <title>Documentation</title>
    </head>
    <body>
        <p>Hello, this is a test!</p>

    </body>
</html>