<!DOCTYPE html>
<html>
    <head>
        <title>Documentation</title>
    </head>
    <body>
        <p>Hello, this is a test!</p>
<p>This is a <a href="doc/test.html">link</a>.</p>

    </body>
</html>