<h1>Big title</h1>

<ul><li>Must be a h2<ul><li>Must be a h3<ul><li>Must be a h4<ul><li>Must be a h5<ul><li>Must be a h6</li></ul></li></ul></li></ul></li></ul></li><li>Repeated title</li><li>Nice title<ul><li>Hello again</li></ul></li></ul>
